Archive member included to satisfy reference by file (symbol)

d:/nxp/s32ds/build_tools/gcc_v6.3/gcc-6.3-arm32-eabi/bin/../lib/gcc/arm-none-eabi/6.3.1/thumb/v7e-m/fpv4-sp/hard\libgcc.a(_aeabi_uldivmod.o)
                              ./SDK/rtos/osif/osif_freertos.o (__aeabi_uldivmod)
d:/nxp/s32ds/build_tools/gcc_v6.3/gcc-6.3-arm32-eabi/bin/../lib/gcc/arm-none-eabi/6.3.1/thumb/v7e-m/fpv4-sp/hard\libgcc.a(_udivmoddi4.o)
                              d:/nxp/s32ds/build_tools/gcc_v6.3/gcc-6.3-arm32-eabi/bin/../lib/gcc/arm-none-eabi/6.3.1/thumb/v7e-m/fpv4-sp/hard\libgcc.a(_aeabi_uldivmod.o) (__udivmoddi4)
d:/nxp/s32ds/build_tools/gcc_v6.3/gcc-6.3-arm32-eabi/bin/../lib/gcc/arm-none-eabi/6.3.1/thumb/v7e-m/fpv4-sp/hard\libgcc.a(_dvmd_tls.o)
                              d:/nxp/s32ds/build_tools/gcc_v6.3/gcc-6.3-arm32-eabi/bin/../lib/gcc/arm-none-eabi/6.3.1/thumb/v7e-m/fpv4-sp/hard\libgcc.a(_aeabi_uldivmod.o) (__aeabi_ldiv0)
D:/NXP/S32DS/build_tools/gcc_v6.3/gcc-6.3-arm32-eabi/arm-none-eabi/newlib/lib/thumb/v7e-m/fpv4-sp/hard\libc_nano.a(lib_a-exit.o)
                              D:/NXP/S32DS/build_tools/gcc_v6.3/gcc-6.3-arm32-eabi/arm-none-eabi/newlib/lib/thumb/v7e-m/fpv4-sp/hard/crt0.o (exit)
D:/NXP/S32DS/build_tools/gcc_v6.3/gcc-6.3-arm32-eabi/arm-none-eabi/newlib/lib/thumb/v7e-m/fpv4-sp/hard\libc_nano.a(lib_a-impure.o)
                              D:/NXP/S32DS/build_tools/gcc_v6.3/gcc-6.3-arm32-eabi/arm-none-eabi/newlib/lib/thumb/v7e-m/fpv4-sp/hard\libc_nano.a(lib_a-exit.o) (_global_impure_ptr)
D:/NXP/S32DS/build_tools/gcc_v6.3/gcc-6.3-arm32-eabi/arm-none-eabi/newlib/lib/thumb/v7e-m/fpv4-sp/hard\libc_nano.a(lib_a-init.o)
                              D:/NXP/S32DS/build_tools/gcc_v6.3/gcc-6.3-arm32-eabi/arm-none-eabi/newlib/lib/thumb/v7e-m/fpv4-sp/hard/crt0.o (__libc_init_array)
D:/NXP/S32DS/build_tools/gcc_v6.3/gcc-6.3-arm32-eabi/arm-none-eabi/newlib/lib/thumb/v7e-m/fpv4-sp/hard\libc_nano.a(lib_a-memcpy-stub.o)
                              ./SDK/rtos/FreeRTOS_S32K/Source/queue.o (memcpy)
D:/NXP/S32DS/build_tools/gcc_v6.3/gcc-6.3-arm32-eabi/arm-none-eabi/newlib/lib/thumb/v7e-m/fpv4-sp/hard\libc_nano.a(lib_a-memset.o)
                              D:/NXP/S32DS/build_tools/gcc_v6.3/gcc-6.3-arm32-eabi/arm-none-eabi/newlib/lib/thumb/v7e-m/fpv4-sp/hard/crt0.o (memset)
D:/NXP/S32DS/build_tools/gcc_v6.3/gcc-6.3-arm32-eabi/arm-none-eabi/newlib/lib/thumb/v7e-m/fpv4-sp/hard\libc_nano.a(lib_a-strlen.o)
                              ./SDK/rtos/FreeRTOS_S32K/Source/tasks.o (strlen)
D:/NXP/S32DS/build_tools/gcc_v6.3/gcc-6.3-arm32-eabi/arm-none-eabi/newlib/lib/thumb/v7e-m/fpv4-sp/hard\libnosys.a(_exit.o)
                              D:/NXP/S32DS/build_tools/gcc_v6.3/gcc-6.3-arm32-eabi/arm-none-eabi/newlib/lib/thumb/v7e-m/fpv4-sp/hard\libc_nano.a(lib_a-exit.o) (_exit)

Discarded input sections

 .text          0x00000000        0x0 d:/nxp/s32ds/build_tools/gcc_v6.3/gcc-6.3-arm32-eabi/bin/../lib/gcc/arm-none-eabi/6.3.1/thumb/v7e-m/fpv4-sp/hard/crti.o
 .data          0x00000000        0x0 d:/nxp/s32ds/build_tools/gcc_v6.3/gcc-6.3-arm32-eabi/bin/../lib/gcc/arm-none-eabi/6.3.1/thumb/v7e-m/fpv4-sp/hard/crti.o
 .bss           0x00000000        0x0 d:/nxp/s32ds/build_tools/gcc_v6.3/gcc-6.3-arm32-eabi/bin/../lib/gcc/arm-none-eabi/6.3.1/thumb/v7e-m/fpv4-sp/hard/crti.o
 .text          0x00000000       0xa4 d:/nxp/s32ds/build_tools/gcc_v6.3/gcc-6.3-arm32-eabi/bin/../lib/gcc/arm-none-eabi/6.3.1/thumb/v7e-m/fpv4-sp/hard/crtbegin.o
 .data          0x00000000        0x4 d:/nxp/s32ds/build_tools/gcc_v6.3/gcc-6.3-arm32-eabi/bin/../lib/gcc/arm-none-eabi/6.3.1/thumb/v7e-m/fpv4-sp/hard/crtbegin.o
 .bss           0x00000000       0x1c d:/nxp/s32ds/build_tools/gcc_v6.3/gcc-6.3-arm32-eabi/bin/../lib/gcc/arm-none-eabi/6.3.1/thumb/v7e-m/fpv4-sp/hard/crtbegin.o
 .init_array    0x00000000        0x4 d:/nxp/s32ds/build_tools/gcc_v6.3/gcc-6.3-arm32-eabi/bin/../lib/gcc/arm-none-eabi/6.3.1/thumb/v7e-m/fpv4-sp/hard/crtbegin.o
 .fini_array    0x00000000        0x4 d:/nxp/s32ds/build_tools/gcc_v6.3/gcc-6.3-arm32-eabi/bin/../lib/gcc/arm-none-eabi/6.3.1/thumb/v7e-m/fpv4-sp/hard/crtbegin.o
 .eh_frame      0x00000000        0x0 d:/nxp/s32ds/build_tools/gcc_v6.3/gcc-6.3-arm32-eabi/bin/../lib/gcc/arm-none-eabi/6.3.1/thumb/v7e-m/fpv4-sp/hard/crtbegin.o
 .jcr           0x00000000        0x0 d:/nxp/s32ds/build_tools/gcc_v6.3/gcc-6.3-arm32-eabi/bin/../lib/gcc/arm-none-eabi/6.3.1/thumb/v7e-m/fpv4-sp/hard/crtbegin.o
 .tm_clone_table
                0x00000000        0x0 d:/nxp/s32ds/build_tools/gcc_v6.3/gcc-6.3-arm32-eabi/bin/../lib/gcc/arm-none-eabi/6.3.1/thumb/v7e-m/fpv4-sp/hard/crtbegin.o
 .comment       0x00000000       0xa1 d:/nxp/s32ds/build_tools/gcc_v6.3/gcc-6.3-arm32-eabi/bin/../lib/gcc/arm-none-eabi/6.3.1/thumb/v7e-m/fpv4-sp/hard/crtbegin.o
 .ARM.attributes
                0x00000000       0x34 d:/nxp/s32ds/build_tools/gcc_v6.3/gcc-6.3-arm32-eabi/bin/../lib/gcc/arm-none-eabi/6.3.1/thumb/v7e-m/fpv4-sp/hard/crtbegin.o
[...]
Memory Configuration

Name             Origin             Length             Attributes
m_interrupts     0x00000000         0x00000400         xr
m_flash_config   0x00000400         0x00000010         xr
m_text           0x00000410         0x0017fbf0         xr
m_data           0x1ffe0000         0x00020000         rw
m_data_2         0x20000000         0x0001f000         rw
*default*        0x00000000         0xffffffff

Linker script and memory map

LOAD d:/nxp/s32ds/build_tools/gcc_v6.3/gcc-6.3-arm32-eabi/bin/../lib/gcc/arm-none-eabi/6.3.1/thumb/v7e-m/fpv4-sp/hard/crti.o
LOAD d:/nxp/s32ds/build_tools/gcc_v6.3/gcc-6.3-arm32-eabi/bin/../lib/gcc/arm-none-eabi/6.3.1/thumb/v7e-m/fpv4-sp/hard/crtbegin.o
LOAD D:/NXP/S32DS/build_tools/gcc_v6.3/gcc-6.3-arm32-eabi/arm-none-eabi/newlib/lib/thumb/v7e-m/fpv4-sp/hard/crt0.o
LOAD ./Generated_Code/AMMCLib1.o
LOAD ./Generated_Code/Cpu.o
LOAD ./Generated_Code/adConv1.o
LOAD ./Generated_Code/clockMan1.o
LOAD ./Generated_Code/dmaController1.o
LOAD ./Generated_Code/pin_mux.o
LOAD ./Generated_Code/watchdog1.o
LOAD ./Project_Settings/Startup_Code/startup_S32K148.o
LOAD ./SDK/platform/devices/S32K148/startup/system_S32K148.o
LOAD ./SDK/platform/devices/startup.o
LOAD ./SDK/platform/drivers/src/adc/adc_driver.o
LOAD ./SDK/platform/drivers/src/clock/S32K1xx/clock_S32K1xx.o
LOAD ./SDK/platform/drivers/src/edma/edma_driver.o
LOAD ./SDK/platform/drivers/src/edma/edma_hw_access.o
LOAD ./SDK/platform/drivers/src/edma/edma_irq.o
LOAD ./SDK/platform/drivers/src/interrupt/interrupt_manager.o
LOAD ./SDK/platform/drivers/src/pins/pins_driver.o
LOAD ./SDK/platform/drivers/src/pins/pins_port_hw_access.o
LOAD ./SDK/platform/drivers/src/wdog/wdog_driver.o
LOAD ./SDK/platform/drivers/src/wdog/wdog_hw_access.o
LOAD ./SDK/rtos/FreeRTOS_S32K/Source/croutine.o
LOAD ./SDK/rtos/FreeRTOS_S32K/Source/event_groups.o
LOAD ./SDK/rtos/FreeRTOS_S32K/Source/list.o
LOAD ./SDK/rtos/FreeRTOS_S32K/Source/queue.o
LOAD ./SDK/rtos/FreeRTOS_S32K/Source/stream_buffer.o
LOAD ./SDK/rtos/FreeRTOS_S32K/Source/tasks.o
LOAD ./SDK/rtos/FreeRTOS_S32K/Source/timers.o
LOAD ./SDK/rtos/FreeRTOS_S32K/Source/portable/GCC/ARM_CM4F/port.o
LOAD ./SDK/rtos/FreeRTOS_S32K/Source/portable/MemMang/heap_2.o
LOAD ./SDK/rtos/osif/osif_freertos.o
LOAD ./Sources/main.o
LOAD ./src/app/adc_app.o
LOAD ./src/app/freertos_app.o
LOAD ./src/app/key_app.o
LOAD ./src/app/led_app.o
LOAD ./src/bsp/adc.o
LOAD ./src/bsp/can.o
LOAD ./src/bsp/led.o
LOAD C:/Users/18895/Documents/NXP_PRO/freertos_app/SDK/lib/S32K14x/AMMCLib/lib/s32ds_arm32\S32K14x_AMMCLIB.a
START GROUP
LOAD d:/nxp/s32ds/build_tools/gcc_v6.3/gcc-6.3-arm32-eabi/bin/../lib/gcc/arm-none-eabi/6.3.1/thumb/v7e-m/fpv4-sp/hard\libgcc.a
LOAD D:/NXP/S32DS/build_tools/gcc_v6.3/gcc-6.3-arm32-eabi/arm-none-eabi/newlib/lib/thumb/v7e-m/fpv4-sp/hard\libc_nano.a
END GROUP
START GROUP
LOAD d:/nxp/s32ds/build_tools/gcc_v6.3/gcc-6.3-arm32-eabi/bin/../lib/gcc/arm-none-eabi/6.3.1/thumb/v7e-m/fpv4-sp/hard\libgcc.a
LOAD D:/NXP/S32DS/build_tools/gcc_v6.3/gcc-6.3-arm32-eabi/arm-none-eabi/newlib/lib/thumb/v7e-m/fpv4-sp/hard\libc_nano.a
LOAD D:/NXP/S32DS/build_tools/gcc_v6.3/gcc-6.3-arm32-eabi/arm-none-eabi/newlib/lib/thumb/v7e-m/fpv4-sp/hard\libnosys.a
END GROUP
START GROUP
LOAD d:/nxp/s32ds/build_tools/gcc_v6.3/gcc-6.3-arm32-eabi/bin/../lib/gcc/arm-none-eabi/6.3.1/thumb/v7e-m/fpv4-sp/hard\libgcc.a
LOAD D:/NXP/S32DS/build_tools/gcc_v6.3/gcc-6.3-arm32-eabi/arm-none-eabi/newlib/lib/thumb/v7e-m/fpv4-sp/hard\libc_nano.a
LOAD D:/NXP/S32DS/build_tools/gcc_v6.3/gcc-6.3-arm32-eabi/arm-none-eabi/newlib/lib/thumb/v7e-m/fpv4-sp/hard\libnosys.a
END GROUP
LOAD d:/nxp/s32ds/build_tools/gcc_v6.3/gcc-6.3-arm32-eabi/bin/../lib/gcc/arm-none-eabi/6.3.1/thumb/v7e-m/fpv4-sp/hard/crtend.o
LOAD d:/nxp/s32ds/build_tools/gcc_v6.3/gcc-6.3-arm32-eabi/bin/../lib/gcc/arm-none-eabi/6.3.1/thumb/v7e-m/fpv4-sp/hard/crtn.o
                0x00000400                HEAP_SIZE = DEFINED (__heap_size__)?__heap_size__:0x400
                0x00000400                STACK_SIZE = DEFINED (__stack_size__)?__stack_size__:0x400
                0x00000400                M_VECTOR_RAM_SIZE = DEFINED (__flash_vector_table__)?0x0:0x400

.interrupts     0x00000000      0x400
                0x00000000                __VECTOR_TABLE = .
                0x00000000                __interrupts_start__ = .
                0x00000000                . = ALIGN (0x4)
 *(.isr_vector)
 .isr_vector    0x00000000      0x400 ./Project_Settings/Startup_Code/startup_S32K148.o
                0x00000000                __isr_vector
                0x00000400                __interrupts_end__ = .
                0x00000400                . = ALIGN (0x4)

.flash_config   0x00000400       0x10
                0x00000400                . = ALIGN (0x4)
 *(.FlashConfig)
 .FlashConfig   0x00000400       0x10 ./Project_Settings/Startup_Code/startup_S32K148.o
                0x00000410                . = ALIGN (0x4)

.text           0x00000410     0x3bbc
                0x00000410                . = ALIGN (0x4)
 *(.text)
 .text          0x00000410       0x4c ./Project_Settings/Startup_Code/startup_S32K148.o
                0x00000410                Reset_Handler
                0x00000458                FTM5_Ch2_Ch3_IRQHandler
                0x00000458                DebugMon_Handler
                0x00000458                CAN0_ORed_IRQHandler
                0x00000458                HardFault_Handler
                0x00000458                FTM7_Ch2_Ch3_IRQHandler
                0x00000458                Reserved103_IRQHandler
                0x00000458                FTM7_Ch6_Ch7_IRQHandler
                0x00000458                FTM2_Ovf_Reload_IRQHandler
                0x00000458                Reserved50_IRQHandler
                0x00000458                FTFC_Fault_IRQHandler
                0x00000458                FTM0_Ch6_Ch7_IRQHandler
                0x00000458                Reserved114_IRQHandler
                0x00000458                NMI_Handler
                0x00000458                ERM_double_fault_IRQHandler
                0x00000458                Reserved59_IRQHandler
                0x00000458                LPIT0_Ch0_IRQHandler
                0x00000458                Reserved99_IRQHandler
                0x00000458                FTM7_Ch4_Ch5_IRQHandler
                0x00000458                FTM3_Ch6_Ch7_IRQHandler
                0x00000458                CAN2_ORed_0_15_MB_IRQHandler
                0x00000458                LPIT0_Ch3_IRQHandler
                0x00000458                LPI2C1_Master_IRQHandler
                0x00000458                FTM0_Ch4_Ch5_IRQHandler
                0x00000458                CAN1_Error_IRQHandler
                0x00000458                FTM4_Ch6_Ch7_IRQHandler
                0x00000458                FTM3_Ch0_Ch1_IRQHandler
                0x00000458                SWI_IRQHandler
                0x00000458                ADC0_IRQHandler
                0x00000458                FTM2_Ch4_Ch5_IRQHandler
                0x00000458                UsageFault_Handler
                0x00000458                FTM0_Ovf_Reload_IRQHandler
                0x00000458                FTM4_Fault_IRQHandler
                0x00000458                DefaultISR
                0x00000458                Reserved58_IRQHandler
                0x00000458                FTM7_Fault_IRQHandler
                0x00000458                LPI2C1_Slave_IRQHandler
                0x00000458                CAN1_ORed_0_15_MB_IRQHandler
                0x00000458                FTM1_Ch2_Ch3_IRQHandler
                0x00000458                Reserved82_IRQHandler
                0x00000458                CAN0_ORed_16_31_MB_IRQHandler
                0x00000458                LPI2C0_Slave_IRQHandler
                0x00000458                PORTD_IRQHandler
                0x00000458                SAI1_Rx_IRQHandler
                0x00000458                Reserved69_IRQHandler
                0x00000458                PORTB_IRQHandler
                0x00000458                Reserved70_IRQHandler
                0x00000458                ADC1_IRQHandler
                0x00000458                FTM2_Ch2_Ch3_IRQHandler
                0x00000458                FTM5_Ch0_Ch1_IRQHandler
                0x00000458                Reserved53_IRQHandler
                0x00000458                RTC_IRQHandler
                0x00000458                PDB0_IRQHandler
                0x00000458                Reserved54_IRQHandler
                0x00000458                FTM6_Fault_IRQHandler
                0x00000458                FTM2_Ch6_Ch7_IRQHandler
                0x00000458                FTM6_Ch4_Ch5_IRQHandler
                0x00000458                FTM3_Ch2_Ch3_IRQHandler
                0x00000458                FTM6_Ch2_Ch3_IRQHandler
                0x00000458                FTM2_Ch0_Ch1_IRQHandler
                0x00000458                LPSPI1_IRQHandler
                0x00000458                LPUART1_RxTx_IRQHandler
                0x00000458                FTM4_Ovf_Reload_IRQHandler
                0x00000458                RTC_Seconds_IRQHandler
                0x00000458                FTM7_Ch0_Ch1_IRQHandler
                0x00000458                CAN2_ORed_IRQHandler
                0x00000458                Reserved110_IRQHandler
                0x00000458                Reserved107_IRQHandler
                0x00000458                ENET_TIMER_IRQHandler
                0x00000458                Read_Collision_IRQHandler
                0x00000458                CAN2_Error_IRQHandler
                0x00000458                FTFC_IRQHandler
                0x00000458                FTM1_Ch6_Ch7_IRQHandler
                0x00000458                FTM5_Fault_IRQHandler
                0x00000458                FTM6_Ovf_Reload_IRQHandler
                0x00000458                LPIT0_Ch1_IRQHandler
                0x00000458                FTM4_Ch0_Ch1_IRQHandler
                0x00000458                FTM1_Ch4_Ch5_IRQHandler
                0x00000458                FTM3_Ovf_Reload_IRQHandler
                0x00000458                SAI0_Tx_IRQHandler
                0x00000458                LPUART2_RxTx_IRQHandler
                0x00000458                FTM5_Ch4_Ch5_IRQHandler
                0x00000458                LPSPI0_IRQHandler
                0x00000458                WDOG_EWM_IRQHandler
                0x00000458                MemManage_Handler
                0x00000458                Reserved83_IRQHandler
                0x00000458                FTM0_Fault_IRQHandler
                0x00000458                FTM6_Ch6_Ch7_IRQHandler
                0x00000458                Reserved48_IRQHandler
                0x00000458                ENET_TX_IRQHandler
                0x00000458                ERM_single_fault_IRQHandler
                0x00000458                FTM2_Fault_IRQHandler
                0x00000458                FTM0_Ch2_Ch3_IRQHandler
                0x00000458                FTM4_Ch2_Ch3_IRQHandler
                0x00000458                FTM0_Ch0_Ch1_IRQHandler
                0x00000458                FTM4_Ch4_Ch5_IRQHandler
                0x00000458                FTM5_Ovf_Reload_IRQHandler
                0x00000458                FTM3_Fault_IRQHandler
                0x00000458                RCM_IRQHandler
                0x00000458                Reserved100_IRQHandler
                0x00000458                CAN1_ORed_IRQHandler
                0x00000458                SAI0_Rx_IRQHandler
                0x00000458                SCG_IRQHandler
                0x00000458                PDB1_IRQHandler
                0x00000458                CAN2_ORed_16_31_MB_IRQHandler
                0x00000458                CAN0_Error_IRQHandler
                0x00000458                LPI2C0_Master_IRQHandler
                0x00000458                ENET_WAKE_IRQHandler
                0x00000458                FTM1_Fault_IRQHandler
                0x00000458                Reserved106_IRQHandler
                0x00000458                ENET_ERR_IRQHandler
                0x00000458                LVD_LVW_IRQHandler
                0x00000458                ENET_STOP_IRQHandler
                0x00000458                ENET_RX_IRQHandler
                0x00000458                LPIT0_Ch2_IRQHandler
                0x00000458                PORTA_IRQHandler
                0x00000458                FTM5_Ch6_Ch7_IRQHandler
                0x00000458                CAN1_ORed_16_31_MB_IRQHandler
                0x00000458                MCM_IRQHandler
                0x00000458                LPSPI2_IRQHandler
                0x00000458                FTM7_Ovf_Reload_IRQHandler
                0x00000458                FTM3_Ch4_Ch5_IRQHandler
                0x00000458                CAN0_ORed_0_15_MB_IRQHandler
                0x00000458                PORTE_IRQHandler
                0x00000458                LPUART0_RxTx_IRQHandler
                0x00000458                FTM6_Ch0_Ch1_IRQHandler
                0x00000458                LPTMR0_IRQHandler
                0x00000458                BusFault_Handler
                0x00000458                FTM1_Ovf_Reload_IRQHandler
                0x00000458                CAN0_Wake_Up_IRQHandler
                0x00000458                QSPI_IRQHandler
                0x00000458                CMP0_IRQHandler
                0x00000458                Reserved52_IRQHandler
                0x00000458                PORTC_IRQHandler
                0x00000458                FTM1_Ch0_Ch1_IRQHandler
                0x00000458                FLEXIO_IRQHandler
                0x00000458                SAI1_Tx_IRQHandler
                0x00000458                Reserved113_IRQHandler
 *(.text*)
 .text.SystemInit
                0x0000045c       0x4c ./SDK/platform/devices/S32K148/startup/system_S32K148.o
                0x0000045c                SystemInit
 .text.init_data_bss
                0x000004a8       0xd8 ./SDK/platform/devices/startup.o
                0x000004a8                init_data_bss
 .text.ADC_DRV_ConfigConverter
                0x00000580      0x188 ./SDK/platform/drivers/src/adc/adc_driver.o
                0x00000580                ADC_DRV_ConfigConverter
 .text.ADC_DRV_ConfigChan
                0x00000708       0x5c ./SDK/platform/drivers/src/adc/adc_driver.o
                0x00000708                ADC_DRV_ConfigChan
 .text.ADC_DRV_WaitConvDone
                0x00000764       0x18 ./SDK/platform/drivers/src/adc/adc_driver.o
                0x00000764                ADC_DRV_WaitConvDone
 .text.ADC_DRV_GetChanResult
                0x0000077c       0x18 ./SDK/platform/drivers/src/adc/adc_driver.o
                0x0000077c                ADC_DRV_GetChanResult
 .text.ADC_DRV_AutoCalibration
                0x00000794      0x158 ./SDK/platform/drivers/src/adc/adc_driver.o
                0x00000794                ADC_DRV_AutoCalibration
 .text.CLOCK_SYS_GetCurrentRunMode
                0x000008ec       0x24 ./SDK/platform/drivers/src/clock/S32K1xx/clock_S32K1xx.o
 .text.CLOCK_SYS_GetSysOscFreq
                0x00000910       0x1c ./SDK/platform/drivers/src/clock/S32K1xx/clock_S32K1xx.o
 .text.CLOCK_SYS_ConfigureSOSC
                0x0000092c      0x12c ./SDK/platform/drivers/src/clock/S32K1xx/clock_S32K1xx.o
 .text.CLOCK_SYS_GetSircFreq
                0x00000a58       0x2c ./SDK/platform/drivers/src/clock/S32K1xx/clock_S32K1xx.o
 .text.CLOCK_SYS_ConfigureSIRC
                0x00000a84       0xc4 ./SDK/platform/drivers/src/clock/S32K1xx/clock_S32K1xx.o
 .text.CLOCK_SYS_GetFircFreq
                0x00000b48       0x20 ./SDK/platform/drivers/src/clock/S32K1xx/clock_S32K1xx.o
 .text.CLOCK_SYS_ConfigureFIRC
                0x00000b68       0xb4 ./SDK/platform/drivers/src/clock/S32K1xx/clock_S32K1xx.o
 .text.CLOCK_SYS_GetSysPllFreq
                0x00000c1c       0x44 ./SDK/platform/drivers/src/clock/S32K1xx/clock_S32K1xx.o
 .text.CLOCK_SYS_ConfigureSPLL
                0x00000c60      0x104 ./SDK/platform/drivers/src/clock/S32K1xx/clock_S32K1xx.o
 .text.CLOCK_SYS_SetSystemClockConfig
                0x00000d64      0x1e4 ./SDK/platform/drivers/src/clock/S32K1xx/clock_S32K1xx.o
 .text.CLOCK_SYS_TransitionSystemClock
                0x00000f48       0x3c ./SDK/platform/drivers/src/clock/S32K1xx/clock_S32K1xx.o
 .text.CLOCK_SYS_GetSystemClockFreq
                0x00000f84       0x78 ./SDK/platform/drivers/src/clock/S32K1xx/clock_S32K1xx.o
 .text.CLOCK_SYS_GetQspiIpgClk
                0x00000ffc       0x2c ./SDK/platform/drivers/src/clock/S32K1xx/clock_S32K1xx.o
 .text.CLOCK_SYS_GetScgClkOutFreq
                0x00001028       0x44 ./SDK/platform/drivers/src/clock/S32K1xx/clock_S32K1xx.o
 .text.CLOCK_SYS_GetSysAsyncFreq
                0x0000106c       0xd4 ./SDK/platform/drivers/src/clock/S32K1xx/clock_S32K1xx.o
 .text.CLOCK_SYS_GetSimRtcClkFreq
                0x00001140       0x50 ./SDK/platform/drivers/src/clock/S32K1xx/clock_S32K1xx.o
 .text.CLOCK_SYS_GetQSPIInternalReferenceClock
                0x00001190       0x38 ./SDK/platform/drivers/src/clock/S32K1xx/clock_S32K1xx.o
 .text.CLOCK_SYS_GetPeripheralClock
                0x000011c8       0x78 ./SDK/platform/drivers/src/clock/S32K1xx/clock_S32K1xx.o
 .text.CLOCK_SYS_GetLpoFreq
                0x00001240       0x44 ./SDK/platform/drivers/src/clock/S32K1xx/clock_S32K1xx.o
 .text.CLOCK_SYS_GetSimClkOutFreq
                0x00001284       0xcc ./SDK/platform/drivers/src/clock/S32K1xx/clock_S32K1xx.o
 .text.CLOCK_DRV_Init
                0x00001350      0x5b0 ./SDK/platform/drivers/src/clock/S32K1xx/clock_S32K1xx.o
                0x00001350                CLOCK_DRV_Init
 .text.CLOCK_DRV_GetFreq
                0x00001900      0x498 ./SDK/platform/drivers/src/clock/S32K1xx/clock_S32K1xx.o
                0x00001900                CLOCK_DRV_GetFreq
 .text.CLOCK_SYS_Init
                0x00001d98       0x1c ./SDK/platform/drivers/src/clock/S32K1xx/clock_S32K1xx.o
                0x00001d98                CLOCK_SYS_Init
 .text.CLOCK_SYS_UpdateConfiguration
                0x00001db4       0xe8 ./SDK/platform/drivers/src/clock/S32K1xx/clock_S32K1xx.o
                0x00001db4                CLOCK_SYS_UpdateConfiguration
 .text.CLOCK_SYS_GetFreq
                0x00001e9c        0x8 ./SDK/platform/drivers/src/clock/S32K1xx/clock_S32K1xx.o
                0x00001e9c                CLOCK_SYS_GetFreq
 .text.EDMA_DRV_IRQHandler
                0x00001ea4       0x2c ./SDK/platform/drivers/src/edma/edma_driver.o
                0x00001ea4                EDMA_DRV_IRQHandler
 .text.EDMA_DRV_ErrorIRQHandler
                0x00001ed0       0x3c ./SDK/platform/drivers/src/edma/edma_driver.o
                0x00001ed0                EDMA_DRV_ErrorIRQHandler
 .text.EDMA_DRV_GetDmaRegBaseAddr
                0x00001f0c        0x8 ./SDK/platform/drivers/src/edma/edma_driver.o
                0x00001f0c                EDMA_DRV_GetDmaRegBaseAddr
 .text.EDMA_SetDmaRequestCmd
                0x00001f14        0xa ./SDK/platform/drivers/src/edma/edma_hw_access.o
                0x00001f14                EDMA_SetDmaRequestCmd
 .text.DMA0_IRQHandler
                0x00001f1e        0xa ./SDK/platform/drivers/src/edma/edma_irq.o
                0x00001f1e                DMA0_IRQHandler
 .text.DMA1_IRQHandler
                0x00001f28        0xa ./SDK/platform/drivers/src/edma/edma_irq.o
                0x00001f28                DMA1_IRQHandler
 .text.DMA2_IRQHandler
                0x00001f32        0xa ./SDK/platform/drivers/src/edma/edma_irq.o
                0x00001f32                DMA2_IRQHandler
 .text.DMA3_IRQHandler
                0x00001f3c        0xa ./SDK/platform/drivers/src/edma/edma_irq.o
                0x00001f3c                DMA3_IRQHandler
 .text.DMA4_IRQHandler
                0x00001f46        0xa ./SDK/platform/drivers/src/edma/edma_irq.o
                0x00001f46                DMA4_IRQHandler
 .text.DMA5_IRQHandler
                0x00001f50        0xa ./SDK/platform/drivers/src/edma/edma_irq.o
                0x00001f50                DMA5_IRQHandler
 .text.DMA6_IRQHandler
                0x00001f5a        0xa ./SDK/platform/drivers/src/edma/edma_irq.o
                0x00001f5a                DMA6_IRQHandler
 .text.DMA7_IRQHandler
                0x00001f64        0xa ./SDK/platform/drivers/src/edma/edma_irq.o
                0x00001f64                DMA7_IRQHandler
 .text.DMA8_IRQHandler
                0x00001f6e        0xa ./SDK/platform/drivers/src/edma/edma_irq.o
                0x00001f6e                DMA8_IRQHandler
 .text.DMA9_IRQHandler
                0x00001f78        0xa ./SDK/platform/drivers/src/edma/edma_irq.o
                0x00001f78                DMA9_IRQHandler
 .text.DMA10_IRQHandler
                0x00001f82        0xa ./SDK/platform/drivers/src/edma/edma_irq.o
                0x00001f82                DMA10_IRQHandler
 .text.DMA11_IRQHandler
                0x00001f8c        0xa ./SDK/platform/drivers/src/edma/edma_irq.o
                0x00001f8c                DMA11_IRQHandler
 .text.DMA12_IRQHandler
                0x00001f96        0xa ./SDK/platform/drivers/src/edma/edma_irq.o
                0x00001f96                DMA12_IRQHandler
 .text.DMA13_IRQHandler
                0x00001fa0        0xa ./SDK/platform/drivers/src/edma/edma_irq.o
                0x00001fa0                DMA13_IRQHandler
 .text.DMA14_IRQHandler
                0x00001faa        0xa ./SDK/platform/drivers/src/edma/edma_irq.o
                0x00001faa                DMA14_IRQHandler
 .text.DMA15_IRQHandler
                0x00001fb4        0xa ./SDK/platform/drivers/src/edma/edma_irq.o
                0x00001fb4                DMA15_IRQHandler
 .text.DMA_Error_IRQHandler
                0x00001fbe       0x28 ./SDK/platform/drivers/src/edma/edma_irq.o
                0x00001fbe                DMA_Error_IRQHandler
 *fill*         0x00001fe6        0x2 
 .text.INT_SYS_EnableIRQGlobal
                0x00001fe8       0x1c ./SDK/platform/drivers/src/interrupt/interrupt_manager.o
                0x00001fe8                INT_SYS_EnableIRQGlobal
 .text.INT_SYS_DisableIRQGlobal
                0x00002004       0x10 ./SDK/platform/drivers/src/interrupt/interrupt_manager.o
                0x00002004                INT_SYS_DisableIRQGlobal
 .text.PINS_DRV_Init
                0x00002014       0x20 ./SDK/platform/drivers/src/pins/pins_driver.o
                0x00002014                PINS_DRV_Init
 .text.PINS_DRV_SetPins
                0x00002034        0x4 ./SDK/platform/drivers/src/pins/pins_driver.o
                0x00002034                PINS_DRV_SetPins
 .text.PINS_DRV_TogglePins
                0x00002038        0x4 ./SDK/platform/drivers/src/pins/pins_driver.o
                0x00002038                PINS_DRV_TogglePins
 .text.PINS_DRV_ReadPins
                0x0000203c        0x4 ./SDK/platform/drivers/src/pins/pins_driver.o
                0x0000203c                PINS_DRV_ReadPins
 .text.PINS_GetAdcInterleaveVal
                0x00002040       0x70 ./SDK/platform/drivers/src/pins/pins_port_hw_access.o
 .text.PINS_Init
                0x000020b0      0x114 ./SDK/platform/drivers/src/pins/pins_port_hw_access.o
                0x000020b0                PINS_Init
 .text.vListInitialise
                0x000021c4       0x16 ./SDK/rtos/FreeRTOS_S32K/Source/list.o
                0x000021c4                vListInitialise
 .text.vListInitialiseItem
                0x000021da        0x6 ./SDK/rtos/FreeRTOS_S32K/Source/list.o
                0x000021da                vListInitialiseItem
 .text.vListInsertEnd
                0x000021e0       0x18 ./SDK/rtos/FreeRTOS_S32K/Source/list.o
                0x000021e0                vListInsertEnd
 .text.vListInsert
                0x000021f8       0x34 ./SDK/rtos/FreeRTOS_S32K/Source/list.o
                0x000021f8                vListInsert
 .text.uxListRemove
                0x0000222c       0x26 ./SDK/rtos/FreeRTOS_S32K/Source/list.o
                0x0000222c                uxListRemove
 .text.prvIsQueueEmpty
                0x00002252       0x16 ./SDK/rtos/FreeRTOS_S32K/Source/queue.o
 .text.prvCopyDataToQueue
                0x00002268       0x76 ./SDK/rtos/FreeRTOS_S32K/Source/queue.o
 .text.prvCopyDataFromQueue
                0x000022de       0x24 ./SDK/rtos/FreeRTOS_S32K/Source/queue.o
 .text.prvUnlockQueue
                0x00002302       0x82 ./SDK/rtos/FreeRTOS_S32K/Source/queue.o
 .text.xQueueGenericReset
                0x00002384       0x80 ./SDK/rtos/FreeRTOS_S32K/Source/queue.o
                0x00002384                xQueueGenericReset
 .text.xQueueGenericCreate
                0x00002404       0x44 ./SDK/rtos/FreeRTOS_S32K/Source/queue.o
                0x00002404                xQueueGenericCreate
 .text.xQueueGenericSend
                0x00002448      0x188 ./SDK/rtos/FreeRTOS_S32K/Source/queue.o
                0x00002448                xQueueGenericSend
 .text.xQueueGenericSendFromISR
                0x000025d0       0xd6 ./SDK/rtos/FreeRTOS_S32K/Source/queue.o
                0x000025d0                xQueueGenericSendFromISR
 *fill*         0x000026a6        0x2 
 .text.xQueueReceive
                0x000026a8      0x158 ./SDK/rtos/FreeRTOS_S32K/Source/queue.o
                0x000026a8                xQueueReceive
 .text.vQueueWaitForMessageRestricted
                0x00002800       0x4e ./SDK/rtos/FreeRTOS_S32K/Source/queue.o
                0x00002800                vQueueWaitForMessageRestricted
 *fill*         0x0000284e        0x2 
 .text.prvResetNextTaskUnblockTime
                0x00002850       0x2c ./SDK/rtos/FreeRTOS_S32K/Source/tasks.o
 .text.prvIdleTask
                0x0000287c       0x70 ./SDK/rtos/FreeRTOS_S32K/Source/tasks.o
 .text.prvAddCurrentTaskToDelayedList
                0x000028ec       0xa0 ./SDK/rtos/FreeRTOS_S32K/Source/tasks.o
 .text.xTaskCreate
                0x0000298c      0x1cc ./SDK/rtos/FreeRTOS_S32K/Source/tasks.o
                0x0000298c                xTaskCreate
 .text.vTaskStartScheduler
                0x00002b58       0x84 ./SDK/rtos/FreeRTOS_S32K/Source/tasks.o
                0x00002b58                vTaskStartScheduler
 .text.vTaskSuspendAll
                0x00002bdc       0x10 ./SDK/rtos/FreeRTOS_S32K/Source/tasks.o
                0x00002bdc                vTaskSuspendAll
 .text.xTaskGetTickCount
                0x00002bec        0xc ./SDK/rtos/FreeRTOS_S32K/Source/tasks.o
                0x00002bec                xTaskGetTickCount
 .text.xTaskIncrementTick
                0x00002bf8      0x128 ./SDK/rtos/FreeRTOS_S32K/Source/tasks.o
                0x00002bf8                xTaskIncrementTick
 .text.xTaskResumeAll
                0x00002d20      0x100 ./SDK/rtos/FreeRTOS_S32K/Source/tasks.o
                0x00002d20                xTaskResumeAll
 .text.vTaskDelay
                0x00002e20       0x4c ./SDK/rtos/FreeRTOS_S32K/Source/tasks.o
                0x00002e20                vTaskDelay
 .text.vTaskSwitchContext
                0x00002e6c       0x94 ./SDK/rtos/FreeRTOS_S32K/Source/tasks.o
                0x00002e6c                vTaskSwitchContext
 .text.vTaskPlaceOnEventList
                0x00002f00       0x30 ./SDK/rtos/FreeRTOS_S32K/Source/tasks.o
                0x00002f00                vTaskPlaceOnEventList
 .text.vTaskPlaceOnEventListRestricted
                0x00002f30       0x3c ./SDK/rtos/FreeRTOS_S32K/Source/tasks.o
                0x00002f30                vTaskPlaceOnEventListRestricted
 .text.xTaskRemoveFromEventList
                0x00002f6c       0x88 ./SDK/rtos/FreeRTOS_S32K/Source/tasks.o
                0x00002f6c                xTaskRemoveFromEventList
 .text.vTaskInternalSetTimeOutState
                0x00002ff4       0x18 ./SDK/rtos/FreeRTOS_S32K/Source/tasks.o
                0x00002ff4                vTaskInternalSetTimeOutState
 .text.xTaskCheckForTimeOut
                0x0000300c       0x9c ./SDK/rtos/FreeRTOS_S32K/Source/tasks.o
                0x0000300c                xTaskCheckForTimeOut
 .text.vTaskMissedYield
                0x000030a8        0xc ./SDK/rtos/FreeRTOS_S32K/Source/tasks.o
                0x000030a8                vTaskMissedYield
 .text.xTaskGetSchedulerState
                0x000030b4       0x20 ./SDK/rtos/FreeRTOS_S32K/Source/tasks.o
                0x000030b4                xTaskGetSchedulerState
 .text.xTaskPriorityDisinherit
                0x000030d4       0xb0 ./SDK/rtos/FreeRTOS_S32K/Source/tasks.o
                0x000030d4                xTaskPriorityDisinherit
 .text.prvInsertTimerInActiveList
                0x00003184       0x48 ./SDK/rtos/FreeRTOS_S32K/Source/timers.o
 .text.prvCheckForValidListAndQueue
                0x000031cc       0x50 ./SDK/rtos/FreeRTOS_S32K/Source/timers.o
 .text.xTimerCreateTimerTask
                0x0000321c       0x4c ./SDK/rtos/FreeRTOS_S32K/Source/timers.o
                0x0000321c                xTimerCreateTimerTask
 .text.xTimerGenericCommand
                0x00003268       0x60 ./SDK/rtos/FreeRTOS_S32K/Source/timers.o
                0x00003268                xTimerGenericCommand
 .text.prvSampleTimeNow
                0x000032c8       0xa8 ./SDK/rtos/FreeRTOS_S32K/Source/timers.o
 .text.prvTimerTask
                0x00003370      0x1c8 ./SDK/rtos/FreeRTOS_S32K/Source/timers.o
 .text.prvTaskExitError
                0x00003538       0x40 ./SDK/rtos/FreeRTOS_S32K/Source/portable/GCC/ARM_CM4F/port.o
 .text.prvPortStartFirstTask
                0x00003578       0x28 ./SDK/rtos/FreeRTOS_S32K/Source/portable/GCC/ARM_CM4F/port.o
 .text.vPortEnableVFP
                0x000035a0       0x14 ./SDK/rtos/FreeRTOS_S32K/Source/portable/GCC/ARM_CM4F/port.o
 .text.pxPortInitialiseStack
                0x000035b4       0x2c ./SDK/rtos/FreeRTOS_S32K/Source/portable/GCC/ARM_CM4F/port.o
                0x000035b4                pxPortInitialiseStack
 .text.SVC_Handler
                0x000035e0       0x24 ./SDK/rtos/FreeRTOS_S32K/Source/portable/GCC/ARM_CM4F/port.o
                0x000035e0                SVC_Handler
 .text.vPortEnterCritical
                0x00003604       0x44 ./SDK/rtos/FreeRTOS_S32K/Source/portable/GCC/ARM_CM4F/port.o
                0x00003604                vPortEnterCritical
 .text.vPortExitCritical
                0x00003648       0x2c ./SDK/rtos/FreeRTOS_S32K/Source/portable/GCC/ARM_CM4F/port.o
                0x00003648                vPortExitCritical
 *fill*         0x00003674        0xc 
 .text.PendSV_Handler
                0x00003680       0x64 ./SDK/rtos/FreeRTOS_S32K/Source/portable/GCC/ARM_CM4F/port.o
                0x00003680                PendSV_Handler
 .text.SysTick_Handler
                0x000036e4       0x2c ./SDK/rtos/FreeRTOS_S32K/Source/portable/GCC/ARM_CM4F/port.o
                0x000036e4                SysTick_Handler
 .text.vPortSetupTimerInterrupt
                0x00003710       0x24 ./SDK/rtos/FreeRTOS_S32K/Source/portable/GCC/ARM_CM4F/port.o
                0x00003710                vPortSetupTimerInterrupt
 .text.xPortStartScheduler
                0x00003734      0x118 ./SDK/rtos/FreeRTOS_S32K/Source/portable/GCC/ARM_CM4F/port.o
                0x00003734                xPortStartScheduler
 .text.vPortValidateInterruptPriority
                0x0000384c       0x5c ./SDK/rtos/FreeRTOS_S32K/Source/portable/GCC/ARM_CM4F/port.o
                0x0000384c                vPortValidateInterruptPriority
 .text.pvPortMalloc
                0x000038a8       0xc8 ./SDK/rtos/FreeRTOS_S32K/Source/portable/MemMang/heap_2.o
                0x000038a8                pvPortMalloc
 .text.vPortFree
                0x00003970       0x44 ./SDK/rtos/FreeRTOS_S32K/Source/portable/MemMang/heap_2.o
                0x00003970                vPortFree
 .text.main     0x000039b4       0x44 ./Sources/main.o
                0x000039b4                main
 .text.adc_Task
                0x000039f8       0x18 ./src/app/adc_app.o
                0x000039f8                adc_Task
 .text.adc_task_creat
                0x00003a10       0x24 ./src/app/adc_app.o
                0x00003a10                adc_task_creat
 .text.FreeRtos_Init
                0x00003a34       0x14 ./src/app/freertos_app.o
                0x00003a34                FreeRtos_Init
 .text.KEY_Proc
                0x00003a48       0x84 ./src/app/key_app.o
                0x00003a48                KEY_Proc
 .text.key_Task
                0x00003acc       0x8c ./src/app/key_app.o
                0x00003acc                key_Task
 .text.Init_key_Queues
                0x00003b58       0x18 ./src/app/key_app.o
                0x00003b58                Init_key_Queues
 .text.key_task_creat
                0x00003b70       0x28 ./src/app/key_app.o
                0x00003b70                key_task_creat
 .text.led_Task
                0x00003b98       0x8c ./src/app/led_app.o
                0x00003b98                led_Task
 .text.led_task_creat
                0x00003c24       0x24 ./src/app/led_app.o
                0x00003c24                led_task_creat
 .text.adc_init
                0x00003c48       0x3c ./src/bsp/adc.o
                0x00003c48                adc_init
 .text.adc_read
                0x00003c84       0x34 ./src/bsp/adc.o
                0x00003c84                adc_read
 .text.led_off  0x00003cb8       0x44 ./src/bsp/led.o
                0x00003cb8                led_off
 .text.led_toggle
                0x00003cfc       0x44 ./src/bsp/led.o
                0x00003cfc                led_toggle
 .text.memcpy   0x00003d40       0x16 D:/NXP/S32DS/build_tools/gcc_v6.3/gcc-6.3-arm32-eabi/arm-none-eabi/newlib/lib/thumb/v7e-m/fpv4-sp/hard\libc_nano.a(lib_a-memcpy-stub.o)
                0x00003d40                memcpy
 .text.memset   0x00003d56       0x10 D:/NXP/S32DS/build_tools/gcc_v6.3/gcc-6.3-arm32-eabi/arm-none-eabi/newlib/lib/thumb/v7e-m/fpv4-sp/hard\libc_nano.a(lib_a-memset.o)
                0x00003d56                memset
 *(.rodata)
 *(.rodata*)
 *fill*         0x00003d66        0x2 
 .rodata.adConv1_ChnConfig0
                0x00003d68        0x4 ./Generated_Code/adConv1.o
                0x00003d68                adConv1_ChnConfig0
 .rodata.adConv1_ConvConfig0
                0x00003d6c        0xb ./Generated_Code/adConv1.o
                0x00003d6c                adConv1_ConvConfig0
 *fill*         0x00003d77        0x1 
 .rodata.s_adcBase
                0x00003d78        0x8 ./SDK/platform/drivers/src/adc/adc_driver.o
 .rodata.clockNameMappings
                0x00003d80       0xb8 ./SDK/platform/drivers/src/clock/S32K1xx/clock_S32K1xx.o
                0x00003d80                clockNameMappings
 .rodata.maxSysClksInHSRUN.7949
                0x00003e38       0x54 ./SDK/platform/drivers/src/clock/S32K1xx/clock_S32K1xx.o
 .rodata.maxSysClksInRUN.7948
                0x00003e8c       0x54 ./SDK/platform/drivers/src/clock/S32K1xx/clock_S32K1xx.o
 .rodata.maxSysClksInVLPR.7947
                0x00003ee0       0x54 ./SDK/platform/drivers/src/clock/S32K1xx/clock_S32K1xx.o
 .rodata.peripheralFeaturesList
                0x00003f34       0x5c ./SDK/platform/drivers/src/clock/S32K1xx/clock_S32K1xx.o
                0x00003f34                peripheralFeaturesList
 .rodata.vTaskStartScheduler.str1.4
                0x00003f90        0x5 ./SDK/rtos/FreeRTOS_S32K/Source/tasks.o
 *fill*         0x00003f95        0x3 
 .rodata.xTimerCreateTimerTask.str1.4
                0x00003f98        0x8 ./SDK/rtos/FreeRTOS_S32K/Source/timers.o
 .rodata.adc_task_creat.str1.4
                0x00003fa0        0x9 ./src/app/adc_app.o
 *fill*         0x00003fa9        0x3 
 .rodata.key_task_creat.str1.4
                0x00003fac        0x9 ./src/app/key_app.o
 *fill*         0x00003fb5        0x3 
 .rodata.led_task_creat.str1.4
                0x00003fb8        0xc ./src/app/led_app.o
                                  0x9 (size before relaxing)
 *(.init)
 .init          0x00003fc4        0x4 d:/nxp/s32ds/build_tools/gcc_v6.3/gcc-6.3-arm32-eabi/bin/../lib/gcc/arm-none-eabi/6.3.1/thumb/v7e-m/fpv4-sp/hard/crti.o
                0x00003fc4                _init
 *(.fini)
 .fini          0x00003fc8        0x4 d:/nxp/s32ds/build_tools/gcc_v6.3/gcc-6.3-arm32-eabi/bin/../lib/gcc/arm-none-eabi/6.3.1/thumb/v7e-m/fpv4-sp/hard/crti.o
                0x00003fc8                _fini
 *(.eh_frame)
                0x00003fcc                . = ALIGN (0x4)

.glue_7         0x00003fcc        0x0
 .glue_7        0x00003fcc        0x0 linker stubs

.glue_7t        0x00003fcc        0x0
 .glue_7t       0x00003fcc        0x0 linker stubs

.vfp11_veneer   0x00003fcc        0x0
 .vfp11_veneer  0x00003fcc        0x0 linker stubs

.v4_bx          0x00003fcc        0x0
 .v4_bx         0x00003fcc        0x0 linker stubs

.iplt           0x00003fcc        0x0
 .iplt          0x00003fcc        0x0 d:/nxp/s32ds/build_tools/gcc_v6.3/gcc-6.3-arm32-eabi/bin/../lib/gcc/arm-none-eabi/6.3.1/thumb/v7e-m/fpv4-sp/hard/crtbegin.o

.rel.dyn        0x00003fcc        0x0
 .rel.iplt      0x00003fcc        0x0 d:/nxp/s32ds/build_tools/gcc_v6.3/gcc-6.3-arm32-eabi/bin/../lib/gcc/arm-none-eabi/6.3.1/thumb/v7e-m/fpv4-sp/hard/crtbegin.o

.ARM            0x00003fcc        0x0
                0x00003fcc                __exidx_start = .
 *(.ARM.exidx*)
                0x00003fcc                __exidx_end = .
                0x00003fcc                __etext = .
                0x00003fcc                __DATA_ROM = .

.interrupts_ram
                0x1ffe0000      0x400
                0x1ffe0000                . = ALIGN (0x4)
                0x1ffe0000                __VECTOR_RAM__ = .
                0x1ffe0000                __RAM_START = .
                0x1ffe0000                __interrupts_ram_start__ = .
 *(.m_interrupts_ram)
                0x1ffe0400                . = (. + M_VECTOR_RAM_SIZE)
 *fill*         0x1ffe0000      0x400 
                0x1ffe0400                . = ALIGN (0x4)
                0x1ffe0400                __interrupts_ram_end__ = .
                0x1ffe0000                __VECTOR_RAM = DEFINED (__flash_vector_table__)?ORIGIN (m_interrupts):__VECTOR_RAM__
                0x00000400                __RAM_VECTOR_TABLE_SIZE = DEFINED (__flash_vector_table__)?0x0:(__interrupts_ram_end__ - __interrupts_ram_start__)

.data           0x1ffe0400      0x234 load address 0x00003fcc
                0x1ffe0400                . = ALIGN (0x4)
                0x1ffe0400                __DATA_RAM = .
                0x1ffe0400                __data_start__ = .
 *(.data)
 *(.data*)
 .data.clockMan1_InitConfig0
                0x1ffe0400       0x78 ./Generated_Code/clockMan1.o
                0x1ffe0400                clockMan1_InitConfig0
 .data.g_clockManConfigsArr
                0x1ffe0478        0x4 ./Generated_Code/clockMan1.o
                0x1ffe0478                g_clockManConfigsArr
 .data.peripheralClockConfig0
                0x1ffe047c       0x37 ./Generated_Code/clockMan1.o
                0x1ffe047c                peripheralClockConfig0
 *fill*         0x1ffe04b3        0x1 
 .data.g_pin_mux_InitConfigArr
                0x1ffe04b4       0xa8 ./Generated_Code/pin_mux.o
                0x1ffe04b4                g_pin_mux_InitConfigArr
 .data.peripheralClockConfig.7678
                0x1ffe055c       0xcd ./SDK/platform/drivers/src/clock/S32K1xx/clock_S32K1xx.o
 *fill*         0x1ffe0629        0x3 
 .data.uxCriticalNesting
                0x1ffe062c        0x4 ./SDK/rtos/FreeRTOS_S32K/Source/portable/GCC/ARM_CM4F/port.o
 .data.xFreeBytesRemaining
                0x1ffe0630        0x4 ./SDK/rtos/FreeRTOS_S32K/Source/portable/MemMang/heap_2.o
                0x1ffe0634                . = ALIGN (0x4)
                0x1ffe0634                __data_end__ = .
                0x00004200                __DATA_END = (__DATA_ROM + (__data_end__ - __data_start__))
                0x00004200                __CODE_ROM = __DATA_END

.igot.plt       0x1ffe0634        0x0 load address 0x00004200
 .igot.plt      0x1ffe0634        0x0 d:/nxp/s32ds/build_tools/gcc_v6.3/gcc-6.3-arm32-eabi/bin/../lib/gcc/arm-none-eabi/6.3.1/thumb/v7e-m/fpv4-sp/hard/crtbegin.o

.code           0x1ffe0634        0x0 load address 0x00004200
                0x1ffe0634                . = ALIGN (0x4)
                0x1ffe0634                __CODE_RAM = .
                0x1ffe0634                __code_start__ = .
                0x1ffe0634                __code_ram_start__ = .
 *(.code_ram)
                0x1ffe0634                . = ALIGN (0x4)
                0x1ffe0634                __code_end__ = .
                0x1ffe0634                __code_ram_end__ = .
                0x00004200                __CODE_END = (__CODE_ROM + (__code_end__ - __code_start__))
                0x00004200                __CUSTOM_ROM = __CODE_END

.customSectionBlock
                0x20000000        0x0 load address 0x00004200
                0x20000000                __customSection_start__ = .
 *(.customSection)
                0x20000000                __customSection_end__ = .
                0x00004200                __CUSTOM_END = (__CUSTOM_ROM + (__customSection_end__ - __customSection_start__))

.bss            0x20000000     0x21dc
                0x20000000                . = ALIGN (0x4)
                0x20000000                __BSS_START = .
                0x20000000                __bss_start__ = .
 *(.bss)
 *(.bss*)
 .bss.g_clockManCallbacksArr
                0x20000000        0x4 ./Generated_Code/clockMan1.o
                0x20000000                g_clockManCallbacksArr
 .bss.g_RtcClkInFreq
                0x20000004        0x4 ./SDK/platform/drivers/src/clock/S32K1xx/clock_S32K1xx.o
                0x20000004                g_RtcClkInFreq
 .bss.g_TClkFreq
                0x20000008        0xc ./SDK/platform/drivers/src/clock/S32K1xx/clock_S32K1xx.o
                0x20000008                g_TClkFreq
 .bss.g_clockState
                0x20000014       0x10 ./SDK/platform/drivers/src/clock/S32K1xx/clock_S32K1xx.o
 .bss.g_xtal0ClkFreq
                0x20000024        0x4 ./SDK/platform/drivers/src/clock/S32K1xx/clock_S32K1xx.o
                0x20000024                g_xtal0ClkFreq
 .bss.s_virtEdmaState
                0x20000028        0x4 ./SDK/platform/drivers/src/edma/edma_driver.o
 .bss.g_interruptDisableCount
                0x2000002c        0x4 ./SDK/platform/drivers/src/interrupt/interrupt_manager.o
 .bss.pxCurrentTCB
                0x20000030        0x4 ./SDK/rtos/FreeRTOS_S32K/Source/tasks.o
                0x20000030                pxCurrentTCB
 .bss.pxDelayedTaskList
                0x20000034        0x4 ./SDK/rtos/FreeRTOS_S32K/Source/tasks.o
 .bss.pxOverflowDelayedTaskList
                0x20000038        0x4 ./SDK/rtos/FreeRTOS_S32K/Source/tasks.o
 .bss.pxReadyTasksLists
                0x2000003c       0xa0 ./SDK/rtos/FreeRTOS_S32K/Source/tasks.o
 .bss.uxCurrentNumberOfTasks
                0x200000dc        0x4 ./SDK/rtos/FreeRTOS_S32K/Source/tasks.o
 .bss.uxDeletedTasksWaitingCleanUp
                0x200000e0        0x4 ./SDK/rtos/FreeRTOS_S32K/Source/tasks.o
 .bss.uxPendedTicks
                0x200000e4        0x4 ./SDK/rtos/FreeRTOS_S32K/Source/tasks.o
 .bss.uxSchedulerSuspended
                0x200000e8        0x4 ./SDK/rtos/FreeRTOS_S32K/Source/tasks.o
 .bss.uxTaskNumber
                0x200000ec        0x4 ./SDK/rtos/FreeRTOS_S32K/Source/tasks.o
 .bss.uxTopReadyPriority
                0x200000f0        0x4 ./SDK/rtos/FreeRTOS_S32K/Source/tasks.o
 .bss.xDelayedTaskList1
                0x200000f4       0x14 ./SDK/rtos/FreeRTOS_S32K/Source/tasks.o
 .bss.xDelayedTaskList2
                0x20000108       0x14 ./SDK/rtos/FreeRTOS_S32K/Source/tasks.o
 .bss.xIdleTaskHandle
                0x2000011c        0x4 ./SDK/rtos/FreeRTOS_S32K/Source/tasks.o
 .bss.xNextTaskUnblockTime
                0x20000120        0x4 ./SDK/rtos/FreeRTOS_S32K/Source/tasks.o
 .bss.xNumOfOverflows
                0x20000124        0x4 ./SDK/rtos/FreeRTOS_S32K/Source/tasks.o
 .bss.xPendingReadyList
                0x20000128       0x14 ./SDK/rtos/FreeRTOS_S32K/Source/tasks.o
 .bss.xSchedulerRunning
                0x2000013c        0x4 ./SDK/rtos/FreeRTOS_S32K/Source/tasks.o
 .bss.xSuspendedTaskList
                0x20000140       0x14 ./SDK/rtos/FreeRTOS_S32K/Source/tasks.o
 .bss.xTasksWaitingTermination
                0x20000154       0x14 ./SDK/rtos/FreeRTOS_S32K/Source/tasks.o
 .bss.xTickCount
                0x20000168        0x4 ./SDK/rtos/FreeRTOS_S32K/Source/tasks.o
 .bss.xYieldPending
                0x2000016c        0x4 ./SDK/rtos/FreeRTOS_S32K/Source/tasks.o
 .bss.pxCurrentTimerList
                0x20000170        0x4 ./SDK/rtos/FreeRTOS_S32K/Source/timers.o
 .bss.pxOverflowTimerList
                0x20000174        0x4 ./SDK/rtos/FreeRTOS_S32K/Source/timers.o
 .bss.xActiveTimerList1
                0x20000178       0x14 ./SDK/rtos/FreeRTOS_S32K/Source/timers.o
 .bss.xActiveTimerList2
                0x2000018c       0x14 ./SDK/rtos/FreeRTOS_S32K/Source/timers.o
 .bss.xLastTime.6385
                0x200001a0        0x4 ./SDK/rtos/FreeRTOS_S32K/Source/timers.o
 .bss.xTimerQueue
                0x200001a4        0x4 ./SDK/rtos/FreeRTOS_S32K/Source/timers.o
 .bss.xTimerTaskHandle
                0x200001a8        0x4 ./SDK/rtos/FreeRTOS_S32K/Source/timers.o
 .bss.ucMaxSysCallPriority
                0x200001ac        0x1 ./SDK/rtos/FreeRTOS_S32K/Source/portable/GCC/ARM_CM4F/port.o
 *fill*         0x200001ad        0x3 
 .bss.ulMaxPRIGROUPValue
                0x200001b0        0x4 ./SDK/rtos/FreeRTOS_S32K/Source/portable/GCC/ARM_CM4F/port.o
 .bss.ucHeap    0x200001b4     0x2000 ./SDK/rtos/FreeRTOS_S32K/Source/portable/MemMang/heap_2.o
 .bss.xEnd      0x200021b4        0x8 ./SDK/rtos/FreeRTOS_S32K/Source/portable/MemMang/heap_2.o
 .bss.xHeapHasBeenInitialised.6103
                0x200021bc        0x4 ./SDK/rtos/FreeRTOS_S32K/Source/portable/MemMang/heap_2.o
 .bss.xStart    0x200021c0        0x8 ./SDK/rtos/FreeRTOS_S32K/Source/portable/MemMang/heap_2.o
 .bss.exit_code
                0x200021c8        0x4 ./Sources/main.o
                0x200021c8                exit_code
 .bss.adc_data  0x200021cc        0x2 ./src/app/adc_app.o
                0x200021cc                adc_data
 *fill*         0x200021ce        0x2 
 .bss.LedControlQueue
                0x200021d0        0x4 ./src/app/key_app.o
                0x200021d0                LedControlQueue
 .bss.key_test  0x200021d4        0x1 ./src/app/key_app.o
                0x200021d4                key_test
 .bss.key_tick.11576
                0x200021d5        0x1 ./src/app/key_app.o
 .bss.temp      0x200021d6        0x2 ./src/app/key_app.o
                0x200021d6                temp
 .bss.adcMax    0x200021d8        0x2 ./src/bsp/adc.o
                0x200021d8                adcMax
 *(COMMON)
                0x200021dc                . = ALIGN (0x4)
 *fill*         0x200021da        0x2 
                0x200021dc                __bss_end__ = .
                0x200021dc                __BSS_END = .

.heap           0x200021dc      0x404
                0x200021e0                . = ALIGN (0x8)
 *fill*         0x200021dc        0x4 
                0x200021e0                __end__ = .
                0x200021e0                __heap_start__ = .
                [!provide]                PROVIDE (end, .)
                [!provide]                PROVIDE (_end, .)
                [!provide]                PROVIDE (__end, .)
                0x200021e0                __HeapBase = .
                0x200025e0                . = (. + HEAP_SIZE)
 *fill*         0x200021e0      0x400 
                0x200025e0                __HeapLimit = .
                0x200025e0                __heap_limit = .
                0x200025e0                __heap_end__ = .
                0x2001f000                __StackTop = (ORIGIN (m_data_2) + LENGTH (m_data_2))
                0x2001ec00                __StackLimit = (__StackTop - STACK_SIZE)
                0x2001f000                PROVIDE (__stack, __StackTop)
                0x2001f000                __RAM_END = __StackTop

.stack          0x2001ec00      0x400
                0x2001ec00                . = ALIGN (0x8)
                0x2001ec00                __stack_start__ = .
                0x2001f000                . = (. + STACK_SIZE)
 *fill*         0x2001ec00      0x400 
                0x2001f000                __stack_end__ = .

.ARM.attributes
                0x00000000       0x30
 *(.ARM.attributes)
 .ARM.attributes
                0x00000000       0x22 d:/nxp/s32ds/build_tools/gcc_v6.3/gcc-6.3-arm32-eabi/bin/../lib/gcc/arm-none-eabi/6.3.1/thumb/v7e-m/fpv4-sp/hard/crti.o
 .ARM.attributes
                0x00000022       0x39 ./Generated_Code/adConv1.o
 .ARM.attributes
                0x0000005b       0x39 ./Generated_Code/clockMan1.o
 .ARM.attributes
                0x00000094       0x39 ./Generated_Code/pin_mux.o
 .ARM.attributes
                0x000000cd       0x1f ./Project_Settings/Startup_Code/startup_S32K148.o
 .ARM.attributes
                0x000000ec       0x39 ./SDK/platform/devices/S32K148/startup/system_S32K148.o
 .ARM.attributes
                0x00000125       0x39 ./SDK/platform/devices/startup.o
 .ARM.attributes
                0x0000015e       0x39 ./SDK/platform/drivers/src/adc/adc_driver.o
 .ARM.attributes
                0x00000197       0x39 ./SDK/platform/drivers/src/clock/S32K1xx/clock_S32K1xx.o
 .ARM.attributes
                0x000001d0       0x39 ./SDK/platform/drivers/src/edma/edma_driver.o
 .ARM.attributes
                0x00000209       0x39 ./SDK/platform/drivers/src/edma/edma_hw_access.o
 .ARM.attributes
                0x00000242       0x39 ./SDK/platform/drivers/src/edma/edma_irq.o
 .ARM.attributes
                0x0000027b       0x39 ./SDK/platform/drivers/src/interrupt/interrupt_manager.o
 .ARM.attributes
                0x000002b4       0x39 ./SDK/platform/drivers/src/pins/pins_driver.o
 .ARM.attributes
                0x000002ed       0x39 ./SDK/platform/drivers/src/pins/pins_port_hw_access.o
 .ARM.attributes
                0x00000326       0x39 ./SDK/rtos/FreeRTOS_S32K/Source/list.o
 .ARM.attributes
                0x0000035f       0x39 ./SDK/rtos/FreeRTOS_S32K/Source/queue.o
 .ARM.attributes
                0x00000398       0x39 ./SDK/rtos/FreeRTOS_S32K/Source/tasks.o
 .ARM.attributes
                0x000003d1       0x39 ./SDK/rtos/FreeRTOS_S32K/Source/timers.o
 .ARM.attributes
                0x0000040a       0x39 ./SDK/rtos/FreeRTOS_S32K/Source/portable/GCC/ARM_CM4F/port.o
 .ARM.attributes
                0x00000443       0x39 ./SDK/rtos/FreeRTOS_S32K/Source/portable/MemMang/heap_2.o
 .ARM.attributes
                0x0000047c       0x39 ./Sources/main.o
 .ARM.attributes
                0x000004b5       0x39 ./src/app/adc_app.o
 .ARM.attributes
                0x000004ee       0x39 ./src/app/freertos_app.o
 .ARM.attributes
                0x00000527       0x39 ./src/app/key_app.o
 .ARM.attributes
                0x00000560       0x39 ./src/app/led_app.o
 .ARM.attributes
                0x00000599       0x39 ./src/bsp/adc.o
 .ARM.attributes
                0x000005d2       0x39 ./src/bsp/led.o
 .ARM.attributes
                0x0000060b       0x34 D:/NXP/S32DS/build_tools/gcc_v6.3/gcc-6.3-arm32-eabi/arm-none-eabi/newlib/lib/thumb/v7e-m/fpv4-sp/hard\libc_nano.a(lib_a-memcpy-stub.o)
 .ARM.attributes
                0x0000063f       0x34 D:/NXP/S32DS/build_tools/gcc_v6.3/gcc-6.3-arm32-eabi/arm-none-eabi/newlib/lib/thumb/v7e-m/fpv4-sp/hard\libc_nano.a(lib_a-memset.o)
                0x00000001                ASSERT ((__StackLimit >= __HeapLimit), region m_data_2 overflowed with stack and heap)
OUTPUT(freertos_app.elf elf32-littlearm)

.debug_info     0x00000000    0x30ccf
 .debug_info    0x00000000     0x25b2 ./Generated_Code/adConv1.o
 .debug_info    0x000025b2     0x26cd ./Generated_Code/clockMan1.o
 .debug_info    0x00004c7f      0x406 ./Generated_Code/pin_mux.o
 .debug_info    0x00005085      0x65f ./SDK/platform/devices/S32K148/startup/system_S32K148.o
 .debug_info    0x000056e4      0x2ad ./SDK/platform/devices/startup.o
 .debug_info    0x00005991     0x30eb ./SDK/platform/drivers/src/adc/adc_driver.o
 .debug_info    0x00008a7c     0x62f8 ./SDK/platform/drivers/src/clock/S32K1xx/clock_S32K1xx.o
 .debug_info    0x0000ed74     0x389d ./SDK/platform/drivers/src/edma/edma_driver.o
 .debug_info    0x00012611      0x960 ./SDK/platform/drivers/src/edma/edma_hw_access.o
 .debug_info    0x00012f71      0x6db ./SDK/platform/drivers/src/edma/edma_irq.o
 .debug_info    0x0001364c      0x9a6 ./SDK/platform/drivers/src/interrupt/interrupt_manager.o
 .debug_info    0x00013ff2     0x13d8 ./SDK/platform/drivers/src/pins/pins_driver.o
 .debug_info    0x000153ca      0x8a8 ./SDK/platform/drivers/src/pins/pins_port_hw_access.o
 .debug_info    0x00015c72      0xaa8 ./SDK/rtos/FreeRTOS_S32K/Source/list.o
 .debug_info    0x0001671a     0x2633 ./SDK/rtos/FreeRTOS_S32K/Source/queue.o
 .debug_info    0x00018d4d     0x2fbd ./SDK/rtos/FreeRTOS_S32K/Source/tasks.o
 .debug_info    0x0001bd0a     0x1a72 ./SDK/rtos/FreeRTOS_S32K/Source/timers.o
 .debug_info    0x0001d77c      0x560 ./SDK/rtos/FreeRTOS_S32K/Source/portable/GCC/ARM_CM4F/port.o
 .debug_info    0x0001dcdc      0xb4a ./SDK/rtos/FreeRTOS_S32K/Source/portable/MemMang/heap_2.o
 .debug_info    0x0001e826     0x2e73 ./Sources/main.o
 .debug_info    0x00021699     0x2ea6 ./src/app/adc_app.o
 .debug_info    0x0002453f      0x8ec ./src/app/freertos_app.o
 .debug_info    0x00024e2b     0x3071 ./src/app/key_app.o
 .debug_info    0x00027e9c     0x2fd7 ./src/app/led_app.o
 .debug_info    0x0002ae73     0x2e9a ./src/bsp/adc.o
 .debug_info    0x0002dd0d     0x2fc2 ./src/bsp/led.o

.debug_abbrev   0x00000000     0x3b7d
 .debug_abbrev  0x00000000      0x136 ./Generated_Code/adConv1.o
 .debug_abbrev  0x00000136      0x143 ./Generated_Code/clockMan1.o
 .debug_abbrev  0x00000279       0xca ./Generated_Code/pin_mux.o
 .debug_abbrev  0x00000343      0x140 ./SDK/platform/devices/S32K148/startup/system_S32K148.o
 .debug_abbrev  0x00000483       0xe0 ./SDK/platform/devices/startup.o
 .debug_abbrev  0x00000563      0x3c9 ./SDK/platform/drivers/src/adc/adc_driver.o
 .debug_abbrev  0x0000092c      0x3f2 ./SDK/platform/drivers/src/clock/S32K1xx/clock_S32K1xx.o
 .debug_abbrev  0x00000d1e      0x422 ./SDK/platform/drivers/src/edma/edma_driver.o
 .debug_abbrev  0x00001140      0x205 ./SDK/platform/drivers/src/edma/edma_hw_access.o
 .debug_abbrev  0x00001345      0x1b8 ./SDK/platform/drivers/src/edma/edma_irq.o
 .debug_abbrev  0x000014fd      0x1ce ./SDK/platform/drivers/src/interrupt/interrupt_manager.o
 .debug_abbrev  0x000016cb      0x2db ./SDK/platform/drivers/src/pins/pins_driver.o
 .debug_abbrev  0x000019a6      0x1f5 ./SDK/platform/drivers/src/pins/pins_port_hw_access.o
 .debug_abbrev  0x00001b9b      0x1d9 ./SDK/rtos/FreeRTOS_S32K/Source/list.o
 .debug_abbrev  0x00001d74      0x380 ./SDK/rtos/FreeRTOS_S32K/Source/queue.o
 .debug_abbrev  0x000020f4      0x3c0 ./SDK/rtos/FreeRTOS_S32K/Source/tasks.o
 .debug_abbrev  0x000024b4      0x386 ./SDK/rtos/FreeRTOS_S32K/Source/timers.o
 .debug_abbrev  0x0000283a      0x229 ./SDK/rtos/FreeRTOS_S32K/Source/portable/GCC/ARM_CM4F/port.o
 .debug_abbrev  0x00002a63      0x27b ./SDK/rtos/FreeRTOS_S32K/Source/portable/MemMang/heap_2.o
 .debug_abbrev  0x00002cde      0x22d ./Sources/main.o
 .debug_abbrev  0x00002f0b      0x220 ./src/app/adc_app.o
 .debug_abbrev  0x0000312b      0x18f ./src/app/freertos_app.o
 .debug_abbrev  0x000032ba      0x267 ./src/app/key_app.o
 .debug_abbrev  0x00003521      0x22f ./src/app/led_app.o
 .debug_abbrev  0x00003750      0x22d ./src/bsp/adc.o
 .debug_abbrev  0x0000397d      0x200 ./src/bsp/led.o

.debug_aranges  0x00000000      0xbe0
 .debug_aranges
                0x00000000       0x18 ./Generated_Code/adConv1.o
 .debug_aranges
                0x00000018       0x18 ./Generated_Code/clockMan1.o
 .debug_aranges
                0x00000030       0x18 ./Generated_Code/pin_mux.o
 .debug_aranges
                0x00000048       0x30 ./SDK/platform/devices/S32K148/startup/system_S32K148.o
 .debug_aranges
                0x00000078       0x20 ./SDK/platform/devices/startup.o
 .debug_aranges
                0x00000098       0xe0 ./SDK/platform/drivers/src/adc/adc_driver.o
 .debug_aranges
                0x00000178      0x130 ./SDK/platform/drivers/src/clock/S32K1xx/clock_S32K1xx.o
 .debug_aranges
                0x000002a8      0x138 ./SDK/platform/drivers/src/edma/edma_driver.o
 .debug_aranges
                0x000003e0       0x88 ./SDK/platform/drivers/src/edma/edma_hw_access.o
 .debug_aranges
                0x00000468       0xa0 ./SDK/platform/drivers/src/edma/edma_irq.o
 .debug_aranges
                0x00000508       0x70 ./SDK/platform/drivers/src/interrupt/interrupt_manager.o
 .debug_aranges
                0x00000578       0xe0 ./SDK/platform/drivers/src/pins/pins_driver.o
 .debug_aranges
                0x00000658       0x40 ./SDK/platform/drivers/src/pins/pins_port_hw_access.o
 .debug_aranges
                0x00000698       0x40 ./SDK/rtos/FreeRTOS_S32K/Source/list.o
 .debug_aranges
                0x000006d8       0xf0 ./SDK/rtos/FreeRTOS_S32K/Source/queue.o
 .debug_aranges
                0x000007c8      0x1a8 ./SDK/rtos/FreeRTOS_S32K/Source/tasks.o
 .debug_aranges
                0x00000970       0x98 ./SDK/rtos/FreeRTOS_S32K/Source/timers.o
 .debug_aranges
                0x00000a08       0x80 ./SDK/rtos/FreeRTOS_S32K/Source/portable/GCC/ARM_CM4F/port.o
 .debug_aranges
                0x00000a88       0x38 ./SDK/rtos/FreeRTOS_S32K/Source/portable/MemMang/heap_2.o
 .debug_aranges
                0x00000ac0       0x20 ./Sources/main.o
 .debug_aranges
                0x00000ae0       0x28 ./src/app/adc_app.o
 .debug_aranges
                0x00000b08       0x20 ./src/app/freertos_app.o
 .debug_aranges
                0x00000b28       0x38 ./src/app/key_app.o
 .debug_aranges
                0x00000b60       0x28 ./src/app/led_app.o
 .debug_aranges
                0x00000b88       0x28 ./src/bsp/adc.o
 .debug_aranges
                0x00000bb0       0x30 ./src/bsp/led.o

.debug_line     0x00000000     0x89e2
 .debug_line    0x00000000      0x45e ./Generated_Code/adConv1.o
 .debug_line    0x0000045e      0x460 ./Generated_Code/clockMan1.o
 .debug_line    0x000008be      0x1c4 ./Generated_Code/pin_mux.o
 .debug_line    0x00000a82      0x1e5 ./SDK/platform/devices/S32K148/startup/system_S32K148.o
 .debug_line    0x00000c67      0x159 ./SDK/platform/devices/startup.o
 .debug_line    0x00000dc0      0x77e ./SDK/platform/drivers/src/adc/adc_driver.o
 .debug_line    0x0000153e     0x11ec ./SDK/platform/drivers/src/clock/S32K1xx/clock_S32K1xx.o
 .debug_line    0x0000272a      0x886 ./SDK/platform/drivers/src/edma/edma_driver.o
 .debug_line    0x00002fb0      0x359 ./SDK/platform/drivers/src/edma/edma_hw_access.o
 .debug_line    0x00003309      0x2c6 ./SDK/platform/drivers/src/edma/edma_irq.o
 .debug_line    0x000035cf      0x2f3 ./SDK/platform/drivers/src/interrupt/interrupt_manager.o
 .debug_line    0x000038c2      0x4ac ./SDK/platform/drivers/src/pins/pins_driver.o
 .debug_line    0x00003d6e      0x2d5 ./SDK/platform/drivers/src/pins/pins_port_hw_access.o
 .debug_line    0x00004043      0x2e1 ./SDK/rtos/FreeRTOS_S32K/Source/list.o
 .debug_line    0x00004324      0x89a ./SDK/rtos/FreeRTOS_S32K/Source/queue.o
 .debug_line    0x00004bbe      0xc75 ./SDK/rtos/FreeRTOS_S32K/Source/tasks.o
 .debug_line    0x00005833      0x51b ./SDK/rtos/FreeRTOS_S32K/Source/timers.o
 .debug_line    0x00005d4e      0x397 ./SDK/rtos/FreeRTOS_S32K/Source/portable/GCC/ARM_CM4F/port.o
 .debug_line    0x000060e5      0x30e ./SDK/rtos/FreeRTOS_S32K/Source/portable/MemMang/heap_2.o
 .debug_line    0x000063f3      0x56f ./Sources/main.o
 .debug_line    0x00006962      0x671 ./src/app/adc_app.o
 .debug_line    0x00006fd3      0x1df ./src/app/freertos_app.o
 .debug_line    0x000071b2      0x6cf ./src/app/key_app.o
 .debug_line    0x00007881      0x683 ./src/app/led_app.o
 .debug_line    0x00007f04      0x540 ./src/bsp/adc.o
 .debug_line    0x00008444      0x59e ./src/bsp/led.o

.debug_str      0x00000000     0xa8e9
 .debug_str     0x00000000     0x38a4 ./Generated_Code/adConv1.o
                               0x3976 (size before relaxing)
 .debug_str     0x000038a4      0x4b6 ./Generated_Code/clockMan1.o
                               0x3e10 (size before relaxing)
 .debug_str     0x00003d5a       0x1c ./Generated_Code/pin_mux.o
                                0x5f4 (size before relaxing)
 .debug_str     0x00003d76      0x217 ./SDK/platform/devices/S32K148/startup/system_S32K148.o
                                0x46a (size before relaxing)
 .debug_str     0x00003f8d      0x20c ./SDK/platform/devices/startup.o
                                0x424 (size before relaxing)
 .debug_str     0x00004199     0x1354 ./SDK/platform/drivers/src/adc/adc_driver.o
                               0x2a78 (size before relaxing)
 .debug_str     0x000054ed     0x16fc ./SDK/platform/drivers/src/clock/S32K1xx/clock_S32K1xx.o
                               0x3d0d (size before relaxing)
 .debug_str     0x00006be9     0x1163 ./SDK/platform/drivers/src/edma/edma_driver.o
                               0x2dbe (size before relaxing)
 .debug_str     0x00007d4c       0x46 ./SDK/platform/drivers/src/edma/edma_hw_access.o
                                0x7e6 (size before relaxing)
 .debug_str     0x00007d92      0x162 ./SDK/platform/drivers/src/edma/edma_irq.o
                                0x4fb (size before relaxing)
 .debug_str     0x00007ef4      0x150 ./SDK/platform/drivers/src/interrupt/interrupt_manager.o
                                0xd18 (size before relaxing)
 .debug_str     0x00008044      0x5e6 ./SDK/platform/drivers/src/pins/pins_driver.o
                               0x1440 (size before relaxing)
 .debug_str     0x0000862a      0x192 ./SDK/platform/drivers/src/pins/pins_port_hw_access.o
                                0x928 (size before relaxing)
 .debug_str     0x000087bc      0x52e ./SDK/rtos/FreeRTOS_S32K/Source/list.o
                                0x78e (size before relaxing)
 .debug_str     0x00008cea      0x787 ./SDK/rtos/FreeRTOS_S32K/Source/queue.o
                                0xed3 (size before relaxing)
 .debug_str     0x00009471      0xab0 ./SDK/rtos/FreeRTOS_S32K/Source/tasks.o
                               0x14e2 (size before relaxing)
 .debug_str     0x00009f21      0x4d7 ./SDK/rtos/FreeRTOS_S32K/Source/timers.o
                                0xdbf (size before relaxing)
 .debug_str     0x0000a3f8      0x186 ./SDK/rtos/FreeRTOS_S32K/Source/portable/GCC/ARM_CM4F/port.o
                                0x4de (size before relaxing)
 .debug_str     0x0000a57e      0x14f ./SDK/rtos/FreeRTOS_S32K/Source/portable/MemMang/heap_2.o
                                0x7f8 (size before relaxing)
 .debug_str     0x0000a6cd       0x38 ./Sources/main.o
                               0x3dee (size before relaxing)
 .debug_str     0x0000a705       0x4f ./src/app/adc_app.o
                               0x3e24 (size before relaxing)
 .debug_str     0x0000a754       0x38 ./src/app/freertos_app.o
                                0x67c (size before relaxing)
 .debug_str     0x0000a78c       0xac ./src/app/key_app.o
                               0x3ee8 (size before relaxing)
 .debug_str     0x0000a838       0x6f ./src/app/led_app.o
                               0x3e87 (size before relaxing)
 .debug_str     0x0000a8a7       0x24 ./src/bsp/adc.o
                               0x3e1f (size before relaxing)
 .debug_str     0x0000a8cb       0x1e ./src/bsp/led.o
                               0x3e0c (size before relaxing)

.comment        0x00000000       0xa0
 .comment       0x00000000       0xa0 ./Generated_Code/adConv1.o
                                 0xa1 (size before relaxing)
 .comment       0x000000a0       0xa1 ./Generated_Code/clockMan1.o
 .comment       0x000000a0       0xa1 ./Generated_Code/pin_mux.o
 .comment       0x000000a0       0xa1 ./SDK/platform/devices/S32K148/startup/system_S32K148.o
 .comment       0x000000a0       0xa1 ./SDK/platform/devices/startup.o
 .comment       0x000000a0       0xa1 ./SDK/platform/drivers/src/adc/adc_driver.o
 .comment       0x000000a0       0xa1 ./SDK/platform/drivers/src/clock/S32K1xx/clock_S32K1xx.o
 .comment       0x000000a0       0xa1 ./SDK/platform/drivers/src/edma/edma_driver.o
 .comment       0x000000a0       0xa1 ./SDK/platform/drivers/src/edma/edma_hw_access.o
 .comment       0x000000a0       0xa1 ./SDK/platform/drivers/src/edma/edma_irq.o
 .comment       0x000000a0       0xa1 ./SDK/platform/drivers/src/interrupt/interrupt_manager.o
 .comment       0x000000a0       0xa1 ./SDK/platform/drivers/src/pins/pins_driver.o
 .comment       0x000000a0       0xa1 ./SDK/platform/drivers/src/pins/pins_port_hw_access.o
 .comment       0x000000a0       0xa1 ./SDK/rtos/FreeRTOS_S32K/Source/list.o
 .comment       0x000000a0       0xa1 ./SDK/rtos/FreeRTOS_S32K/Source/queue.o
 .comment       0x000000a0       0xa1 ./SDK/rtos/FreeRTOS_S32K/Source/tasks.o
 .comment       0x000000a0       0xa1 ./SDK/rtos/FreeRTOS_S32K/Source/timers.o
 .comment       0x000000a0       0xa1 ./SDK/rtos/FreeRTOS_S32K/Source/portable/GCC/ARM_CM4F/port.o
 .comment       0x000000a0       0xa1 ./SDK/rtos/FreeRTOS_S32K/Source/portable/MemMang/heap_2.o
 .comment       0x000000a0       0xa1 ./Sources/main.o
 .comment       0x000000a0       0xa1 ./src/app/adc_app.o
 .comment       0x000000a0       0xa1 ./src/app/freertos_app.o
 .comment       0x000000a0       0xa1 ./src/app/key_app.o
 .comment       0x000000a0       0xa1 ./src/app/led_app.o
 .comment       0x000000a0       0xa1 ./src/bsp/adc.o
 .comment       0x000000a0       0xa1 ./src/bsp/led.o

.debug_loc      0x00000000     0xe8f1
 .debug_loc     0x00000000       0xeb ./SDK/platform/devices/S32K148/startup/system_S32K148.o
 .debug_loc     0x000000eb       0xec ./SDK/platform/devices/startup.o
 .debug_loc     0x000001d7     0x13f6 ./SDK/platform/drivers/src/adc/adc_driver.o
 .debug_loc     0x000015cd     0x54cf ./SDK/platform/drivers/src/clock/S32K1xx/clock_S32K1xx.o
 .debug_loc     0x00006a9c     0x283c ./SDK/platform/drivers/src/edma/edma_driver.o
 .debug_loc     0x000092d8      0x6fa ./SDK/platform/drivers/src/edma/edma_hw_access.o
 .debug_loc     0x000099d2       0x50 ./SDK/platform/drivers/src/edma/edma_irq.o
 .debug_loc     0x00009a22      0x29b ./SDK/platform/drivers/src/interrupt/interrupt_manager.o
 .debug_loc     0x00009cbd      0x77f ./SDK/platform/drivers/src/pins/pins_driver.o
 .debug_loc     0x0000a43c      0x56a ./SDK/platform/drivers/src/pins/pins_port_hw_access.o
 .debug_loc     0x0000a9a6       0x65 ./SDK/rtos/FreeRTOS_S32K/Source/list.o
 .debug_loc     0x0000aa0b     0x12e6 ./SDK/rtos/FreeRTOS_S32K/Source/queue.o
 .debug_loc     0x0000bcf1     0x1c19 ./SDK/rtos/FreeRTOS_S32K/Source/tasks.o
 .debug_loc     0x0000d90a      0xa98 ./SDK/rtos/FreeRTOS_S32K/Source/timers.o
 .debug_loc     0x0000e3a2       0xdc ./SDK/rtos/FreeRTOS_S32K/Source/portable/GCC/ARM_CM4F/port.o
 .debug_loc     0x0000e47e      0x255 ./SDK/rtos/FreeRTOS_S32K/Source/portable/MemMang/heap_2.o
 .debug_loc     0x0000e6d3       0x21 ./src/app/adc_app.o
 .debug_loc     0x0000e6f4       0x4c ./src/app/key_app.o
 .debug_loc     0x0000e740       0x6d ./src/app/led_app.o
 .debug_loc     0x0000e7ad      0x144 ./src/bsp/led.o

.debug_ranges   0x00000000     0x1060
 .debug_ranges  0x00000000       0x20 ./SDK/platform/devices/S32K148/startup/system_S32K148.o
 .debug_ranges  0x00000020       0x10 ./SDK/platform/devices/startup.o
 .debug_ranges  0x00000030      0x170 ./SDK/platform/drivers/src/adc/adc_driver.o
 .debug_ranges  0x000001a0      0x3b8 ./SDK/platform/drivers/src/clock/S32K1xx/clock_S32K1xx.o
 .debug_ranges  0x00000558      0x158 ./SDK/platform/drivers/src/edma/edma_driver.o
 .debug_ranges  0x000006b0       0x90 ./SDK/platform/drivers/src/edma/edma_hw_access.o
 .debug_ranges  0x00000740       0x90 ./SDK/platform/drivers/src/edma/edma_irq.o
 .debug_ranges  0x000007d0       0x98 ./SDK/platform/drivers/src/interrupt/interrupt_manager.o
 .debug_ranges  0x00000868       0xd0 ./SDK/platform/drivers/src/pins/pins_driver.o
 .debug_ranges  0x00000938       0x30 ./SDK/platform/drivers/src/pins/pins_port_hw_access.o
 .debug_ranges  0x00000968       0x30 ./SDK/rtos/FreeRTOS_S32K/Source/list.o
 .debug_ranges  0x00000998      0x248 ./SDK/rtos/FreeRTOS_S32K/Source/queue.o
 .debug_ranges  0x00000be0      0x260 ./SDK/rtos/FreeRTOS_S32K/Source/tasks.o
 .debug_ranges  0x00000e40       0xd8 ./SDK/rtos/FreeRTOS_S32K/Source/timers.o
 .debug_ranges  0x00000f18       0x70 ./SDK/rtos/FreeRTOS_S32K/Source/portable/GCC/ARM_CM4F/port.o
 .debug_ranges  0x00000f88       0x28 ./SDK/rtos/FreeRTOS_S32K/Source/portable/MemMang/heap_2.o
 .debug_ranges  0x00000fb0       0x10 ./Sources/main.o
 .debug_ranges  0x00000fc0       0x18 ./src/app/adc_app.o
 .debug_ranges  0x00000fd8       0x10 ./src/app/freertos_app.o
 .debug_ranges  0x00000fe8       0x28 ./src/app/key_app.o
 .debug_ranges  0x00001010       0x18 ./src/app/led_app.o
 .debug_ranges  0x00001028       0x18 ./src/bsp/adc.o
 .debug_ranges  0x00001040       0x20 ./src/bsp/led.o

.debug_frame    0x00000000     0x1e80
 .debug_frame   0x00000000       0x40 ./SDK/platform/devices/S32K148/startup/system_S32K148.o
 .debug_frame   0x00000040       0x2c ./SDK/platform/devices/startup.o
 .debug_frame   0x0000006c      0x22c ./SDK/platform/drivers/src/adc/adc_driver.o
 .debug_frame   0x00000298      0x3ac ./SDK/platform/drivers/src/clock/S32K1xx/clock_S32K1xx.o
 .debug_frame   0x00000644      0x388 ./SDK/platform/drivers/src/edma/edma_driver.o
 .debug_frame   0x000009cc      0x144 ./SDK/platform/drivers/src/edma/edma_hw_access.o
 .debug_frame   0x00000b10      0x1ac ./SDK/platform/drivers/src/edma/edma_irq.o
 .debug_frame   0x00000cbc       0xd8 ./SDK/platform/drivers/src/interrupt/interrupt_manager.o
 .debug_frame   0x00000d94      0x1e4 ./SDK/platform/drivers/src/pins/pins_driver.o
 .debug_frame   0x00000f78       0x98 ./SDK/platform/drivers/src/pins/pins_port_hw_access.o
 .debug_frame   0x00001010       0x6c ./SDK/rtos/FreeRTOS_S32K/Source/list.o
 .debug_frame   0x0000107c      0x338 ./SDK/rtos/FreeRTOS_S32K/Source/queue.o
 .debug_frame   0x000013b4      0x550 ./SDK/rtos/FreeRTOS_S32K/Source/tasks.o
 .debug_frame   0x00001904      0x1d0 ./SDK/rtos/FreeRTOS_S32K/Source/timers.o
 .debug_frame   0x00001ad4      0x100 ./SDK/rtos/FreeRTOS_S32K/Source/portable/GCC/ARM_CM4F/port.o
 .debug_frame   0x00001bd4       0x70 ./SDK/rtos/FreeRTOS_S32K/Source/portable/MemMang/heap_2.o
 .debug_frame   0x00001c44       0x28 ./Sources/main.o
 .debug_frame   0x00001c6c       0x44 ./src/app/adc_app.o
 .debug_frame   0x00001cb0       0x28 ./src/app/freertos_app.o
 .debug_frame   0x00001cd8       0x74 ./src/app/key_app.o
 .debug_frame   0x00001d4c       0x4c ./src/app/led_app.o
 .debug_frame   0x00001d98       0x48 ./src/bsp/adc.o
 .debug_frame   0x00001de0       0x58 ./src/bsp/led.o
 .debug_frame   0x00001e38       0x28 D:/NXP/S32DS/build_tools/gcc_v6.3/gcc-6.3-arm32-eabi/arm-none-eabi/newlib/lib/thumb/v7e-m/fpv4-sp/hard\libc_nano.a(lib_a-memcpy-stub.o)
 .debug_frame   0x00001e60       0x20 D:/NXP/S32DS/build_tools/gcc_v6.3/gcc-6.3-arm32-eabi/arm-none-eabi/newlib/lib/thumb/v7e-m/fpv4-sp/hard\libc_nano.a(lib_a-memset.o)
